{
    "icc": false,
    "live-restore": true,
    "userland-proxy": false,
    "no-new-privileges": true,
    "log-driver": "loki",
    "log-opts": {
        "loki-url": "http://34.230.18.154:3100/loki/api/v1/push",
        "loki-batch-size": "400"
    }
}